mode: set
github.com/go-typeset/linebreak/linebreak.go:34.26,34.63 1 1
github.com/go-typeset/linebreak/linebreak.go:37.42,39.2 1 1
github.com/go-typeset/linebreak/linebreak.go:40.44,42.2 1 1
github.com/go-typeset/linebreak/linebreak.go:43.47,45.2 1 1
github.com/go-typeset/linebreak/linebreak.go:69.89,76.27 5 1
github.com/go-typeset/linebreak/linebreak.go:76.27,78.23 2 1
github.com/go-typeset/linebreak/linebreak.go:78.23,81.4 2 1
github.com/go-typeset/linebreak/linebreak.go:81.9,84.4 2 1
github.com/go-typeset/linebreak/linebreak.go:89.2,89.28 1 1
github.com/go-typeset/linebreak/linebreak.go:89.28,90.13 1 1
github.com/go-typeset/linebreak/linebreak.go:90.13,92.4 1 1
github.com/go-typeset/linebreak/linebreak.go:93.3,93.24 1 1
github.com/go-typeset/linebreak/linebreak.go:94.14,95.43 1 1
github.com/go-typeset/linebreak/linebreak.go:96.17,97.40 1 1
github.com/go-typeset/linebreak/linebreak.go:99.3,99.15 1 1
github.com/go-typeset/linebreak/linebreak.go:104.2,104.46 1 1
github.com/go-typeset/linebreak/linebreak.go:104.46,106.38 2 1
github.com/go-typeset/linebreak/linebreak.go:106.38,108.4 1 1
github.com/go-typeset/linebreak/linebreak.go:109.3,112.41 4 1
github.com/go-typeset/linebreak/linebreak.go:112.41,114.4 1 1
github.com/go-typeset/linebreak/linebreak.go:115.3,115.9 1 1
github.com/go-typeset/linebreak/linebreak.go:118.2,121.26 3 1
github.com/go-typeset/linebreak/linebreak.go:121.26,122.16 1 1
github.com/go-typeset/linebreak/linebreak.go:122.16,123.12 1 1
github.com/go-typeset/linebreak/linebreak.go:125.3,128.28 4 1
github.com/go-typeset/linebreak/linebreak.go:128.28,133.15 3 1
github.com/go-typeset/linebreak/linebreak.go:133.15,135.5 1 1
github.com/go-typeset/linebreak/linebreak.go:138.4,138.45 1 1
github.com/go-typeset/linebreak/linebreak.go:138.45,141.53 3 1
github.com/go-typeset/linebreak/linebreak.go:141.53,143.6 1 1
github.com/go-typeset/linebreak/linebreak.go:146.3,147.22 2 1
github.com/go-typeset/linebreak/linebreak.go:147.22,149.68 2 1
github.com/go-typeset/linebreak/linebreak.go:149.68,151.5 1 1
github.com/go-typeset/linebreak/linebreak.go:155.2,155.17 1 1
github.com/go-typeset/linebreak/linebreak.go:155.17,157.3 1 1
github.com/go-typeset/linebreak/linebreak.go:159.2,160.47 2 1
github.com/go-typeset/linebreak/linebreak.go:160.47,163.46 3 1
github.com/go-typeset/linebreak/linebreak.go:163.46,165.4 1 1
github.com/go-typeset/linebreak/linebreak.go:166.3,166.92 1 1
github.com/go-typeset/linebreak/linebreak.go:169.2,170.21 2 1
github.com/go-typeset/linebreak/linebreak.go:170.21,172.3 1 1
github.com/go-typeset/linebreak/linebreak.go:173.2,173.20 1 1
github.com/go-typeset/linebreak/linebreak.go:187.40,188.9 1 1
github.com/go-typeset/linebreak/linebreak.go:189.13,190.13 1 1
github.com/go-typeset/linebreak/linebreak.go:190.13,192.4 1 1
github.com/go-typeset/linebreak/linebreak.go:193.3,193.21 1 1
github.com/go-typeset/linebreak/linebreak.go:194.13,195.13 1 1
github.com/go-typeset/linebreak/linebreak.go:195.13,197.4 1 1
github.com/go-typeset/linebreak/linebreak.go:198.3,198.21 1 1
github.com/go-typeset/linebreak/linebreak.go:199.10,200.11 1 1
github.com/go-typeset/linebreak/linebreak.go:204.45,205.49 1 1
github.com/go-typeset/linebreak/linebreak.go:205.49,207.3 1 1
github.com/go-typeset/linebreak/linebreak.go:208.2,208.10 1 1
github.com/go-typeset/linebreak/linebreak.go:211.42,213.2 1 1
github.com/go-typeset/linebreak/linebreak.go:217.102,221.33 4 1
github.com/go-typeset/linebreak/linebreak.go:221.33,223.3 1 1
github.com/go-typeset/linebreak/linebreak.go:223.8,223.41 1 1
github.com/go-typeset/linebreak/linebreak.go:223.41,225.3 1 1
github.com/go-typeset/linebreak/linebreak.go:226.2,227.67 1 1
github.com/go-typeset/linebreak/linebreak.go:227.67,229.3 1 1
github.com/go-typeset/linebreak/linebreak.go:230.2,230.10 1 1
github.com/go-typeset/linebreak/linebreak.go:235.33,236.22 1 1
github.com/go-typeset/linebreak/linebreak.go:236.22,238.3 1 1
github.com/go-typeset/linebreak/linebreak.go:239.2,240.20 2 1
github.com/go-typeset/linebreak/linebreak.go:240.20,242.3 1 1
github.com/go-typeset/linebreak/linebreak.go:243.2,243.10 1 1
